[juvas.in/index.html]
[backblue.gif]
[fade.gif]
[index.html]
[juvas.in/wp-content/themes/astra/assets/fonts/astra.woff]
[juvas.in/feed/index.html]
[juvas.in/comments/feed/index.html]
[juvas.in/wp-content/plugins/elementor/assets/lib/eicons/fonts/eicons0b93.eot]
[juvas.in/wp-includes/js/jquery/jquery.min9d52.js]
[juvas.in/wp-includes/js/jquery/jquery-migrate.mind617.js]
[juvas.in/wp-content/plugins/chaty/js/cht-front-script7aa8.js]
[juvas.in/wp-content/plugins/elementor/assets/lib/font-awesome/js/v4-shims.min2072.js]
[juvas.in/wp-json/index.html]
[juvas.in/wp-json/wp/v2/pages/3799.json]
[juvas.in/xmlrpc0db0.php]
[juvas.in/wp-includes/wlwmanifest.xml]
[juvas.in/wp-json/oembed/1.0/embeded64.json]
[juvas.in/wp-json/oembed/1.0/embedbc66]
[juvas.in/wp-content/uploads/2021/04/Fav-02-01.jpg]
[chimpstatic.com/mcjs-connected/js/users/a3adc1513386ce461948da1bc/93c270528efaafd4b231a84e1.js]
[juvas.in/wp-content/uploads/2021/04/cropped-LOGO-120x60.png]
[juvas.in/wp-content/uploads/2021/06/phone-512.jpg]
[juvas.in/wires-cables/index.html]
[juvas.in/all-products/index.html]
[juvas.in/wp-content/uploads/2021/04/Option_2-1.jpg]
[juvas.in/switches-accessories/index.html]
[juvas.in/led-lights/index.html]
[juvas.in/fan/index.html]
[juvas.in/wp-content/uploads/2021/04/Mobile-Option_2-1.jpg]
[juvas.in/switchgears/index.html]
[juvas.in/conduit-fittings/index.html]
[juvas.in/wp-content/uploads/2021/04/Option_1.jpg]
[juvas.in/meters/index.html]
[juvas.in/about/index.html]
[juvas.in/poles/index.html]
[juvas.in/wp-content/uploads/2021/04/Mobile-Option_1.jpg]
[juvas.in/blogs/index.html]
[juvas.in/wp-content/uploads/2021/04/Option_3.jpg]
[juvas.in/wp-content/uploads/2021/04/Mobile-Option_3.jpg]
[juvas.in/contact/index.html]
[juvas.in/wp-content/uploads/2021/04/All-Products-Banner-1.jpg]
[juvas.in/wp-content/uploads/2021/04/Mobile-All-Products-Banner.jpg]
[juvas.in/wp-content/uploads/2021/06/About-Us-1024x683.jpg]
[juvas.in/wp-content/uploads/2021/04/9.jpg]
[juvas.in/wp-content/uploads/2021/04/2-5.jpg]
[juvas.in/wp-content/uploads/2021/04/1-1.jpg]
[juvas.in/wp-content/uploads/2021/04/7-2.jpg]
[juvas.in/wp-content/uploads/2021/04/2-7.jpg]
[juvas.in/wp-content/uploads/2021/04/Pole.jpg]
[juvas.in/wp-content/uploads/2021/04/4-2.jpg]
[juvas.in/wp-content/uploads/2021/04/3-3.jpg]
[juvas.in/wp-content/uploads/2021/04/Made-In-India-1.png]
[juvas.in/wp-content/uploads/2021/04/Reliability.png]
[juvas.in/wp-content/uploads/2021/04/High-Efficiency.png]
[juvas.in/wp-content/uploads/2021/04/BIS-1.png]
[juvas.in/wp-content/uploads/2021/06/About-Us-A-1024x683.jpg]
[juvas.in/wp-content/uploads/2021/04/LOGO-1.png]
[juvas.in/wp-content/themes/astra/assets/js/minified/frontend.mind617.js]
[juvas.in/privacy-policy/index.html]
[juvas.in/wp-includes/js/wp-embed.min9f31.js]
[juvas.in/wp-content/plugins/premium-addons-for-elementor/assets/frontend/min-js/slick.min5d0b.js]
[juvas.in/wp-content/plugins/premium-addons-for-elementor/assets/frontend/min-js/premium-addons.min5d0b.js]
[juvas.in/wp-content/plugins/elementor/assets/lib/waypoints/waypoints.min05da.js]
[juvas.in/wp-includes/js/imagesloaded.mineda1.js]
[juvas.in/wp-content/plugins/elementor/assets/js/webpack.runtime.min2072.js]
[juvas.in/wp-content/plugins/elementor/assets/js/frontend-modules.min2072.js]
[juvas.in/wp-content/plugins/elementor-pro/assets/lib/sticky/jquery.sticky.min8d18.js]
[juvas.in/wp-content/plugins/elementor-pro/assets/js/frontend.min8d18.js]
[juvas.in/wp-includes/js/jquery/ui/core.min35d0.js]
[juvas.in/wp-content/plugins/elementor/assets/lib/swiper/swiper.min48f5.js]
[juvas.in/wp-content/plugins/elementor/assets/lib/share-link/share-link.min2072.js]
[juvas.in/wp-content/plugins/elementor/assets/lib/dialog/dialog.mina288.js]
[juvas.in/wp-content/plugins/elementor/assets/js/frontend.min2072.js]
[juvas.in/wp-content/plugins/elementor/assets/js/preloaded-modules.min2072.js]
[juvas.in/wp-includes/js/underscore.min4511.js]
[juvas.in/wp-includes/js/wp-util.min9f31.js]
[juvas.in/wp-content/plugins/wpforms-lite/assets/js/integrations/elementor/frontend.minbd80.js]
[juvas.in/wp-content/plugins/wpforms-lite/assets/js/jquery.validate.minb3a6.js]
[juvas.in/wp-content/plugins/wpforms-lite/assets/js/wpformsbd80.js]
[juvas.in/index.html]
[juvas.in/wp-content/plugins/chaty/images/whatsapp.png]
[juvas.in/wp-content/plugins/chaty/css/chaty-front.min7aa8.css]
[juvas.in/wp-content/themes/astra/assets/css/minified/frontend.mind617.css]
[juvas.in/wp-content/themes/astra/assets/css/minified/menu-animation.mind617.css]
[juvas.in/wp-includes/css/dist/block-library/style.min9f31.css]
[juvas.in/wp-content/plugins/header-footer-elementor/assets/css/header-footer-elementor1f22.css]
[juvas.in/wp-content/plugins/elementor/assets/lib/eicons/fonts/eiconsa481.eot]
[juvas.in/wp-content/plugins/elementor/assets/lib/eicons/fonts/eiconsa481.woff2]
[juvas.in/wp-content/plugins/elementor/assets/lib/eicons/fonts/eiconsa481.woff]
[juvas.in/wp-content/plugins/elementor/assets/lib/eicons/fonts/eiconsa481.ttf]
[juvas.in/wp-content/plugins/elementor/assets/lib/eicons/css/elementor-icons.min21f9.css]
[juvas.in/wp-content/plugins/elementor/assets/lib/animations/animations.min2072.css]
[juvas.in/wp-content/plugins/elementor/assets/css/frontend-legacy.min2072.css]
[juvas.in/wp-content/plugins/elementor/assets/css/frontend.min2072.css]
[juvas.in/wp-content/uploads/elementor/css/post-1852c53e.css]
[juvas.in/wp-content/plugins/elementor-pro/assets/css/frontend.min8d18.css]
[juvas.in/wp-content/plugins/elementor/assets/lib/font-awesome/webfonts/fa-brands-400.eot]
[juvas.in/wp-content/plugins/elementor/assets/lib/font-awesome/webfonts/fa-brands-400d41d.eot]
[juvas.in/wp-content/plugins/elementor/assets/lib/font-awesome/webfonts/fa-brands-400.woff2]
[juvas.in/wp-content/plugins/elementor/assets/lib/font-awesome/webfonts/fa-brands-400.woff]
[juvas.in/wp-content/plugins/elementor/assets/lib/font-awesome/webfonts/fa-brands-400.ttf]
[juvas.in/wp-content/plugins/elementor/assets/lib/font-awesome/webfonts/fa-regular-400.eot]
[juvas.in/wp-content/plugins/elementor/assets/lib/font-awesome/webfonts/fa-regular-400d41d.eot]
[juvas.in/wp-content/plugins/elementor/assets/lib/font-awesome/webfonts/fa-regular-400.woff2]
[juvas.in/wp-content/plugins/elementor/assets/lib/font-awesome/webfonts/fa-regular-400.woff]
[juvas.in/wp-content/plugins/elementor/assets/lib/font-awesome/webfonts/fa-regular-400.ttf]
[juvas.in/wp-content/plugins/elementor/assets/lib/font-awesome/webfonts/fa-solid-900.eot]
[juvas.in/wp-content/plugins/elementor/assets/lib/font-awesome/webfonts/fa-solid-900d41d.eot]
[juvas.in/wp-content/plugins/elementor/assets/lib/font-awesome/webfonts/fa-solid-900.woff2]
[juvas.in/wp-content/plugins/elementor/assets/lib/font-awesome/webfonts/fa-solid-900.woff]
[juvas.in/wp-content/plugins/elementor/assets/lib/font-awesome/webfonts/fa-solid-900.ttf]
[juvas.in/wp-content/plugins/elementor/assets/lib/font-awesome/css/all.min5d0b.css]
[juvas.in/wp-content/plugins/elementor/assets/lib/font-awesome/css/v4-shims.min2072.css]
[juvas.in/wp-content/uploads/2021/06/Middle-Banner-1.jpg]
[juvas.in/wp-content/uploads/2021/06/Middle-Banner.jpg]
[juvas.in/wp-content/uploads/2021/06/Mobile-Middle-Banner-1.jpg]
[juvas.in/wp-content/uploads/2021/06/Mobile-Middle-Banner.jpg]
[juvas.in/wp-content/uploads/elementor/css/post-3799c2d7.css]
[juvas.in/wp-content/plugins/header-footer-elementor/inc/widgets-css/frontend1f22.css]
[juvas.in/wp-content/uploads/elementor/css/post-30929cee.css]
[juvas.in/wp-content/plugins/wpforms-lite/assets/css/wpforms-base.minbd80.css]
[juvas.in/wp-content/plugins/elementor/assets/lib/font-awesome/css/fontawesome.min9e0b.css]
[juvas.in/wp-content/plugins/elementor/assets/lib/font-awesome/css/solid.min9e0b.css]
[juvas.in/wp-content/plugins/elementor/assets/lib/font-awesome/css/brands.min9e0b.css]
[juvas.in/wp-json/wp/v2/pages/2332.json]
[juvas.in/wp-json/oembed/1.0/embed6711.json]
[juvas.in/wp-json/oembed/1.0/embeddcb6]
[juvas.in/all-products/index.html]
[juvas.in/wp-json/wp/v2/pages/2803.json]
[juvas.in/wp-json/oembed/1.0/embed5afb.json]
[juvas.in/wp-json/oembed/1.0/embed4db2]
[juvas.in/wp-content/uploads/2021/04/2.jpg]
[juvas.in/wp-content/uploads/2021/04/juvas-led-bulb-catalogue.pdf]
[juvas.in/wp-content/uploads/2021/04/juvas-led-panel-lights-catalogue.pdf]
[juvas.in/wp-content/uploads/2021/04/10.jpg]
[juvas.in/wp-content/uploads/2021/04/3.jpg]
[juvas.in/wp-content/uploads/2021/04/juvas-led-tubelights-catalogue.pdf]
[juvas.in/wp-content/uploads/2021/04/4.jpg]
[juvas.in/wp-content/uploads/2021/04/11.jpg]
[juvas.in/wp-content/uploads/2021/04/juvas-led-catalogue.pdf]
[juvas.in/wp-content/uploads/2021/04/5.jpg]
[juvas.in/wp-content/uploads/2021/04/juvas-led-cob-catalogue.pdf]
[juvas.in/wp-content/uploads/2021/04/6.jpg]
[juvas.in/wp-content/uploads/2021/04/7.jpg]
[juvas.in/wp-content/uploads/2021/04/juvas-led-catalogue-1.pdf]
[juvas.in/wp-content/uploads/2021/04/8.jpg]
[juvas.in/wp-content/uploads/2021/04/1.jpg]
[juvas.in/wp-content/uploads/2021/04/Made-In-India.png]
[juvas.in/wp-content/uploads/2021/04/Reduced-Bill.png]
[juvas.in/led-lights/index.html]
[juvas.in/wp-json/wp/v2/pages/2916.json]
[juvas.in/wp-json/oembed/1.0/embed888a.json]
[juvas.in/wp-json/oembed/1.0/embed7d58]
[juvas.in/wp-content/uploads/2021/04/1-5.jpg]
[juvas.in/wp-content/uploads/2021/04/juvas-switches-accessories-price-list.pdf]
[juvas.in/wp-content/uploads/2021/04/3-4.jpg]
[juvas.in/switches-accessories/index.html]
[juvas.in/wp-json/wp/v2/pages/2942.json]
[juvas.in/wp-json/oembed/1.0/embed59a2.json]
[juvas.in/wp-json/oembed/1.0/embed0122]
[juvas.in/wp-content/uploads/2021/04/juvas-wire-cables-catalogue.pdf]
[juvas.in/wp-content/uploads/2021/04/2-1.jpg]
[juvas.in/wires-cables/index.html]
[juvas.in/wp-json/wp/v2/pages/2951.json]
[juvas.in/wp-json/oembed/1.0/embedc7e9.json]
[juvas.in/wp-json/oembed/1.0/embedfca8]
[juvas.in/wp-content/uploads/2021/04/4-5.jpg]
[juvas.in/wp-content/uploads/2021/04/juavas-fan-catalogue.pdf]
[juvas.in/wp-content/uploads/2021/04/3-6.jpg]
[juvas.in/wp-content/uploads/2021/04/5-3.jpg]
[juvas.in/wp-content/uploads/2021/04/6-3.jpg]
[juvas.in/wp-content/uploads/2021/04/2-8.jpg]
[juvas.in/wp-content/uploads/2021/04/1-7.jpg]
[juvas.in/wp-content/uploads/2021/04/8-1.jpg]
[juvas.in/wp-content/uploads/2021/04/9-1.jpg]
[juvas.in/wp-content/uploads/2021/04/7-3.jpg]
[juvas.in/fan/index.html]
[juvas.in/wp-json/wp/v2/pages/2980.json]
[juvas.in/wp-json/oembed/1.0/embed74c8.json]
[juvas.in/wp-json/oembed/1.0/embeddbfe]
[juvas.in/wp-content/uploads/2021/04/juvas-switchgear-price-list.pdf]
[juvas.in/wp-content/uploads/2021/04/4-4.jpg]
[juvas.in/wp-content/uploads/2021/04/3-5.jpg]
[juvas.in/wp-content/uploads/2021/04/5-2.jpg]
[juvas.in/wp-content/uploads/2021/04/6-2.jpg]
[juvas.in/wp-content/uploads/2021/04/2-6.jpg]
[juvas.in/wp-content/uploads/2021/04/1-6.jpg]
[juvas.in/switchgears/index.html]
[juvas.in/wp-json/wp/v2/pages/3051.json]
[juvas.in/wp-json/oembed/1.0/embedfb4a.json]
[juvas.in/wp-json/oembed/1.0/embed3d95]
[juvas.in/wp-content/uploads/2021/04/3-2.jpg]
[juvas.in/wp-content/uploads/2021/04/juvas-casing-caping-price-list.pdf]
[juvas.in/wp-content/uploads/2021/04/1-3.jpg]
[juvas.in/wp-content/uploads/2021/04/2-3.jpg]
[juvas.in/conduit-fittings/index.html]
[juvas.in/wp-json/wp/v2/pages/3015.json]
[juvas.in/wp-json/oembed/1.0/embeddb89.json]
[juvas.in/wp-json/oembed/1.0/embed3bda]
[juvas.in/wp-content/uploads/2021/04/Pole1.jpg]
[juvas.in/wp-content/uploads/2021/04/Juvas-Pole-Catalogue.pdf]
[juvas.in/wp-content/uploads/2021/04/Pole2.jpg]
[juvas.in/wp-content/uploads/2021/04/Pole3.jpg]
[juvas.in/wp-content/uploads/2021/04/Pole4.jpg]
[juvas.in/wp-content/uploads/2021/04/juvas-royal-bollard_bg.jpg]
[juvas.in/wp-content/uploads/2021/04/3_bg.jpg]
[juvas.in/wp-content/uploads/2021/04/5_bg.jpg]
[juvas.in/wp-content/uploads/2021/04/4_bg-1.jpg]
[juvas.in/wp-content/uploads/2021/04/2_bg-1.jpg]
[juvas.in/wp-content/uploads/2021/04/6_bg.jpg]
[juvas.in/poles/index.html]
[juvas.in/wp-json/wp/v2/pages/3071.json]
[juvas.in/wp-json/oembed/1.0/embed574d.json]
[juvas.in/wp-json/oembed/1.0/embed7875]
[juvas.in/wp-content/uploads/2021/04/1-4.jpg]
[juvas.in/wp-content/uploads/2021/04/juvas-meters-catalogue.pdf]
[juvas.in/wp-content/uploads/2021/04/2-4.jpg]
[juvas.in/wp-content/uploads/2021/04/4-3.jpg]
[juvas.in/meters/index.html]
[juvas.in/wp-json/wp/v2/pages/96.json]
[juvas.in/wp-json/oembed/1.0/embedd1ba.json]
[juvas.in/wp-json/oembed/1.0/embedf604]
[juvas.in/wp-content/uploads/2021/06/01.png]
[juvas.in/wp-content/uploads/2021/06/03.png]
[juvas.in/wp-content/uploads/2021/06/04.png]
[juvas.in/wp-content/uploads/2021/06/05.png]
[juvas.in/wp-content/uploads/2021/06/02.png]
[juvas.in/wp-content/uploads/2021/06/Indian-Map-1024x1024.png]
[juvas.in/wp-content/uploads/2021/06/06-1.png]
[juvas.in/wp-content/uploads/2021/06/07-1.png]
[juvas.in/wp-content/uploads/2021/06/08-1.png]
[juvas.in/wp-content/uploads/2021/06/World-1024x1024.png]
[juvas.in/about/index.html]
[juvas.in/wp-json/wp/v2/pages/2305.json]
[juvas.in/wp-json/oembed/1.0/embed699f.json]
[juvas.in/wp-json/oembed/1.0/embedf1dc]
[juvas.in/contact/index.html]
[juvas.in/2021/06/16/why-you-should-switch-to-juvas-led-light/index.html]
[juvas.in/wp-content/uploads/2021/06/Banner_1-1024x222.jpg]
[juvas.in/wp-content/uploads/2021/06/Banner_2-1024x222.jpg]
[juvas.in/category/fans/index.html]
[juvas.in/author/saket/index.html]
[juvas.in/wp-content/uploads/2021/06/Banner_3-1024x222.jpg]
[juvas.in/blogs/index.html]
[juvas.in/2021/06/16/four-reasons-to-invest-in-juvas-led-surface-panel-lights/index.html]
[juvas.in/2021/06/16/five-reasons-to-get-juvas-ceiling-fans-this-summer/index.html]
[juvas.in/wp-json/wp/v2/pages/4300.json]
[juvas.in/wp-json/oembed/1.0/embed1545.json]
[juvas.in/wp-json/oembed/1.0/embedca34]
[juvas.in/privacy-policy/index.html]
[juvas.in/wp-content/uploads/elementor/css/post-2317fe1b.css]
[juvas.in/wp-content/uploads/elementor/css/post-88be9.css]
[juvas.in/wp-content/uploads/elementor/css/post-23158be9.css]
[juvas.in/wp-content/uploads/elementor/css/post-2319cd82.css]
[juvas.in/wp-content/plugins/premium-addons-for-elementor/assets/editor/fonts/pa-elements8adc.eot]
[juvas.in/wp-content/plugins/premium-addons-for-elementor/assets/editor/fonts/pa-elements8adc.ttf]
[juvas.in/wp-content/plugins/premium-addons-for-elementor/assets/editor/fonts/pa-elements8adc.woff]
[juvas.in/wp-content/plugins/premium-addons-for-elementor/assets/frontend/min-css/premium-addons.min5d0b.css]
[juvas.in/wp-content/plugins/elementor/assets/lib/eicons/fonts/eiconsa481.svg]
[juvas.in/wp-content/plugins/elementor/assets/lib/font-awesome/webfonts/fa-brands-400.svg]
[juvas.in/wp-content/plugins/elementor/assets/lib/font-awesome/webfonts/fa-regular-400.svg]
[juvas.in/wp-content/plugins/elementor/assets/lib/font-awesome/webfonts/fa-solid-900.svg]
[juvas.in/wp-content/plugins/wpforms-lite/assets/images/times-solid-white.svg]
[juvas.in/wp-content/uploads/2021/05/Product-Page-Banner.png]
[juvas.in/wp-content/uploads/2021/04/BG.png]
[juvas.in/wp-content/uploads/elementor/css/post-23325c2d.css]
[juvas.in/index180e.html]
[juvas.in/wp-content/uploads/2021/05/LED-Page-Banner-1.png]
[juvas.in/wp-content/uploads/elementor/css/post-2803ece4.css]
[juvas.in/wp-content/plugins/elementor/assets/lib/font-awesome/css/regular.min9e0b.css]
[juvas.in/indexe793.html]
[juvas.in/wp-content/uploads/2021/04/juvas-led-tubelights-catalogue-1.pdf/wp-content/uploads/2021/04/juvas-led-tubelights-catalogue.html]
[juvas.in/wp-content/uploads/2021/05/Switches-Accessories-Page-Banner.png]
[juvas.in/wp-content/uploads/elementor/css/post-2916ae79.css]
[juvas.in/indexf29d.html]
[juvas.in/wp-content/uploads/2021/05/Wires-Cables-Page-Banner.png]
[juvas.in/wp-content/uploads/elementor/css/post-2942497c.css]
[juvas.in/indexdea0.html]
[juvas.in/wp-content/uploads/2021/05/FAN-Page-Banner-1.png]
[juvas.in/wp-content/uploads/elementor/css/post-29511a16.css]
[juvas.in/index6ae6.html]
[juvas.in/wp-content/uploads/2021/05/Switchgear-Page-Banner.png]
[juvas.in/wp-content/uploads/elementor/css/post-2980d379.css]
[juvas.in/indexdf1a.html]
[juvas.in/wp-content/uploads/2021/05/Conduit-Fittings-Page-Banner.png]
[juvas.in/wp-content/uploads/elementor/css/post-30517955.css]
[juvas.in/index0c6c.html]
[juvas.in/wp-content/uploads/2021/05/Poles-Page-Banner.png]
[juvas.in/wp-content/uploads/elementor/css/post-3015181b.css]
[juvas.in/index38c7.html]
[juvas.in/wp-content/uploads/2021/05/Meter-Page-Banner.png]
[juvas.in/wp-content/uploads/elementor/css/post-3071cfb0.css]
[juvas.in/index7c54.html]
[juvas.in/wp-content/uploads/2021/04/About-Us-1.jpg]
[juvas.in/wp-content/uploads/elementor/css/post-96588c.css]
[juvas.in/index6f72.html]
[juvas.in/wp-content/uploads/2021/04/Contact-Us-1.jpg]
[juvas.in/wp-content/uploads/elementor/css/post-23058a96.css]
[juvas.in/index98d4.html]
[juvas.in/wp-json/wp/v2/posts/4293.json]
[juvas.in/2021/06/16/why-you-should-switch-to-juvas-led-light/feed/index.html]
[juvas.in/wp-json/oembed/1.0/embed9177.json]
[juvas.in/wp-json/oembed/1.0/embed404a]
[juvas.in/wp-includes/js/comment-reply.min9f31.js]
[juvas.in/2021/06/16/why-you-should-switch-to-juvas-led-light/index.html]
[juvas.in/wp-json/wp/v2/categories/1.json]
[juvas.in/category/fans/index.html]
[juvas.in/category/fans/feed/index.html]
[juvas.in/wp-json/wp/v2/users/1.json]
[juvas.in/author/saket/index.html]
[juvas.in/author/saket/feed/index.html]
[juvas.in/wp-json/wp/v2/posts/4290.json]
[juvas.in/2021/06/16/four-reasons-to-invest-in-juvas-led-surface-panel-lights/feed/index.html]
[juvas.in/wp-json/oembed/1.0/embed05f7.json]
[juvas.in/wp-json/oembed/1.0/embed0330]
[juvas.in/2021/06/16/four-reasons-to-invest-in-juvas-led-surface-panel-lights/index.html]
[juvas.in/2021/06/16/five-reasons-to-get-juvas-ceiling-fans-this-summer/feed/index.html]
[juvas.in/wp-json/wp/v2/posts/4288.json]
[juvas.in/wp-json/oembed/1.0/embedc0ea.json]
[juvas.in/wp-json/oembed/1.0/embedfaf7]
[juvas.in/2021/06/16/five-reasons-to-get-juvas-ceiling-fans-this-summer/index.html]
[juvas.in/index8734.html]
[juvas.in/wp-content/plugins/premium-addons-for-elementor/assets/editor/fonts/pa-elements8adc.svg]
[juvas.in/indexff78.html]
[juvas.in/xmlrpc.php]
[juvas.in/index40e8.html]
[juvas.in/index6664.html]
[juvasnew.tusdisenos.com/wp-content/uploads/2019/06/graphic05-free-img.png]
[juvasnew.tusdisenos.com/wp-content/uploads/2021/04/2.jpg]
[juvasnew.tusdisenos.com/wp-content/uploads/2021/04/9.jpg]
[juvasnew.tusdisenos.com/wp-content/uploads/2021/04/10.jpg]
[juvasnew.tusdisenos.com/wp-content/uploads/2021/04/3.jpg]
[juvasnew.tusdisenos.com/wp-content/uploads/2021/04/4.jpg]
[juvasnew.tusdisenos.com/wp-content/uploads/2021/04/11.jpg]
[juvasnew.tusdisenos.com/wp-content/uploads/2021/04/5.jpg]
[juvasnew.tusdisenos.com/wp-content/uploads/2021/04/6.jpg]
[juvasnew.tusdisenos.com/wp-content/uploads/2021/04/7.jpg]
[juvasnew.tusdisenos.com/wp-content/uploads/2021/04/8.jpg]
[juvasnew.tusdisenos.com/wp-content/uploads/2021/04/1.jpg]
[juvasnew.tusdisenos.com/wp-content/uploads/2019/06/hero11-free-img.png]
